
[92m                      I/U/D                      [0m
[37m                    0/0/0|0k                     [0m
[37m                    0/0/0|0k                     [0m
[37m                    0/0/0|0k                     [0m