
[92m                      Time                       [0m
[37m                    21:18:14                     [0m
[37m                    21:18:14                     [0m
[37m                    21:18:14                     [0m