
[92m                     SysBlk                      [0m
[37m                       0MB                       [0m
[37m                       0MB                       [0m
[37m                       0MB                       [0m