
[92m                   blkhitread                    [0m
                   0.0/0.0/0.0                   
                   0.0/0.0/0.0                   
                   0.0/0.0/0.0                   