
[92m                      QTime                      [0m
                      0.0s                       
                      0.0s                       
                      0.0s                       