
[92m                     MaxBlt                      [0m
                       0.0                       
                       0.0                       
                       0.0                       