
[92m                     dirtyd                      [0m
                      0.0B                       
                      0.0B                       
                      0.0B                       