
[92m                      RTupT                      [0m
                       0.0                       
                       0.0                       
                       0.0                       