
[92m                     BlkAcc                      [0m
                      0.0MB                      
                      0.0MB                      
                      0.0MB                      