
[92m                      Locks                      [0m
[37m                       0/0                       [0m
[37m                       0/0                       [0m
[37m                       0/0                       [0m