
[92m                    UserFull                     [0m
                   0.0/0.0/0.0                   
                   0.0/0.0/0.0                   
                   0.0/0.0/0.0                   