
[92m                      txID                       [0m
                       0.0                       
                       0.0                       
                       0.0                       