
[92m                      Time                       [0m
[37m                    20:23:47                     [0m
[37m                    20:23:47                     [0m
[37m                    20:23:47                     [0m