
[92m                      SIZE                       [0m
                      0.0GB                      
                      0.0GB                      
                      0.0GB                      