
[92m                      User                       [0m
                        0                        
                        0                        
                        0                        