
[92m                       WAL                       [0m
[37m                      0|0MB                      [0m
[37m                      0|0MB                      [0m
[37m                      0|0MB                      [0m