
[92m                       Act                       [0m
[37m                                                 [0m
[37m                                                 [0m
[37m                                                 [0m