
[92m                      PTime                      [0m
[37m                      0.00s                      [0m
[37m                      0.00s                      [0m
[37m                      0.00s                      [0m