
[92m                     AnlzAge                     [0m
                       0.0                       
                       0.0                       
                       0.0                       