
[92m                      RTupI                      [0m
[37m                        0                        [0m
[37m                        0                        [0m
[37m                        0                        [0m