
[92m                     ReturnN                     [0m
[37m                                                 [0m
[37m                                                 [0m
[37m                                                 [0m