
[92m                    hosttime                     [0m
