
[92m                 ReadTupleTable                  [0m
                       0.0                       
                       0.0                       
                       0.0                       