
[92m                      dirty                      [0m
                      0.0B                       
                      0.0B                       
                      0.0B                       