
                       RF                        
                       0 0                       
                       0 0                       
                       0 0                       