
[92m                  Serial/Index                   [0m
                       0.0                       
                       0.0                       
                       0.0                       