
                    Inserted                     
                        0                        
                        0                        
                        0                        