
[92m                       S/I                       [0m
                       0.0                       
                       0.0                       
                       0.0                       