
                     BlkAcc                      
                       0B                        
                       0B                        
                       0B                        