
                      I/U/D                      
                    0 0 0 0 0                    
                    0 0 0 0 0                    
                    0 0 0 0 0                    