
[92m                       Act                       [0m
