
                     MaxBlt                      
                  _tellers/50%                   
                  _tellers/50%                   
                  _tellers/50%                   