
                    Returned                     
                        0                        
                        0                        
                        0                        