
                   blkhitread                    
                      0 0 0                      
                      0 0 0                      
                      0 0 0                      