
[92m                     TotRows                     [0m
                      0.0m                       
                      0.0m                       
                      0.0m                       