
[92m                       PID                       [0m
                       0.0                       
                       0.0                       
                       0.0                       