
                   UserCurses                    
                        0                        
                        0                        
                        0                        