
                     UpTime                      
                       0h                        
                       0h                        
                       0h                        