
[92m                      SIZE                       [0m
                      0.0B                       
                      0.0B                       
                      0.0B                       