
                      Locks                      
                       0/0                       
                       0/0                       
                       0/0                       