
[92m  WAL  [0m[93mâ”‚[0m[92m SIZE  [0m[93mâ”‚[0m[92mUpTime [0m[93mâ”‚[0m[92mTotRows[0m[93mâ”‚[0m[92m  S/I  [0m[93mâ”‚[0m[92m I/U/D [0m
[37m 0|0MB [0m[93mâ”‚[0m[37m  0GB  [0m[93mâ”‚[0m[37m  0h   [0m[93mâ”‚[0m[37m 0.0m  [0m[93mâ”‚[0m[37m0/0|0k [0m[93mâ”‚[0m[37m0/0/0|0k[0m
[37m 0|0MB [0m[93mâ”‚[0m[37m  0GB  [0m[93mâ”‚[0m[37m  0h   [0m[93mâ”‚[0m[37m 0.0m  [0m[93mâ”‚[0m[37m0/0|0k [0m[93mâ”‚[0m[37m0/0/0|0k[0m
[37m 0|0MB [0m[93mâ”‚[0m[37m  0GB  [0m[93mâ”‚[0m[37m  0h   [0m[93mâ”‚[0m[37m 0.0m  [0m[93mâ”‚[0m[37m0/0|0k [0m[93mâ”‚[0m[37m0/0/0|0k[0m